{
    "-profile test": {
        "content": [
            {
                "APISCRIPTS_GETLINEAGEODBS": {
                    "get_odbs": 2.0,
                    "python": "3.14.5"
                },
                "BUSCO_BUSCO": {
                    "busco": "6.1.0"
                },
                "GUNZIP": {
                    "gunzip": 1.13
                },
                "RESTRUCTUREBUSCODIR": {
                    "restructurebuscodir": 1.0
                },
                "Workflow": {
                    "sanger-tol/busco": "v0.3.0"
                }
            },
            [
                "busco",
                "busco/lepidoptera_odb12",
                "busco/lepidoptera_odb12/GCA_963859965.1.lepidoptera_odb12.fragmented_busco_sequences.tar.gz",
                "busco/lepidoptera_odb12/GCA_963859965.1.lepidoptera_odb12.full_table.tsv.gz",
                "busco/lepidoptera_odb12/GCA_963859965.1.lepidoptera_odb12.missing_busco_list.tsv.gz",
                "busco/lepidoptera_odb12/GCA_963859965.1.lepidoptera_odb12.multi_copy_busco_sequences.tar.gz",
                "busco/lepidoptera_odb12/GCA_963859965.1.lepidoptera_odb12.short_summary.json",
                "busco/lepidoptera_odb12/GCA_963859965.1.lepidoptera_odb12.short_summary.tsv",
                "busco/lepidoptera_odb12/GCA_963859965.1.lepidoptera_odb12.short_summary.txt",
                "busco/lepidoptera_odb12/GCA_963859965.1.lepidoptera_odb12.single_copy_busco_sequences.tar.gz",
                "multiqc_report.html",
                "pipeline_info",
                "pipeline_info/busco_software_mqc_versions.yml"
            ],
            [
                "GCA_963859965.1.lepidoptera_odb12.full_table.tsv.gz:md5,d3d2bfae2b4cbad68136ae1ba53250e3",
                "GCA_963859965.1.lepidoptera_odb12.missing_busco_list.tsv.gz:md5,4fd74c85d50e315601ee9a3fa25f2b26",
                "GCA_963859965.1.lepidoptera_odb12.short_summary.tsv:md5,97bf63d6cb79a5255dfd8974aecf406a"
            ]
        ],
        "timestamp": "2026-06-29T13:48:59.924173151",
        "meta": {
            "nf-test": "0.9.5",
            "nextflow": "25.10.4"
        }
    }
}